[debug] [2026-04-01T04:45:10.467Z] ----------------------------------------------------------------------
[debug] [2026-04-01T04:45:10.469Z] Command:       /Users/lilmanfire/.nvm/versions/node/v24.14.1/bin/node /Users/lilmanfire/.nvm/versions/node/v24.14.1/bin/firebase init functions
[debug] [2026-04-01T04:45:10.469Z] CLI Version:   15.12.0
[debug] [2026-04-01T04:45:10.469Z] Platform:      darwin
[debug] [2026-04-01T04:45:10.469Z] Node Version:  v24.14.1
[debug] [2026-04-01T04:45:10.469Z] Time:          Wed Apr 01 2026 00:45:10 GMT-0400 (Eastern Daylight Time)
[debug] [2026-04-01T04:45:10.469Z] ----------------------------------------------------------------------
[debug] 
[info] 
     ######## #### ########  ######## ########     ###     ######  ########
     ##        ##  ##     ## ##       ##     ##  ##   ##  ##       ##
     ######    ##  ########  ######   ########  #########  ######  ######
     ##        ##  ##    ##  ##       ##     ## ##     ##       ## ##
     ##       #### ##     ## ######## ########  ##     ##  ######  ########

You're about to initialize a Firebase project in this directory:

  /Users/lilmanfire/youtube-clone/yt-api-service

[info] 
=== Project Setup
[info] 
[info] First, let's associate this project directory with a Firebase project.
[info] You can create multiple project aliases by running firebase use --add, 
[info] 
[debug] [2026-04-01T04:46:02.825Z] ----------------------------------------------------------------------
[debug] [2026-04-01T04:46:02.826Z] Command:       /Users/lilmanfire/.nvm/versions/node/v24.14.1/bin/node /Users/lilmanfire/.nvm/versions/node/v24.14.1/bin/firebase init functions
[debug] [2026-04-01T04:46:02.826Z] CLI Version:   15.12.0
[debug] [2026-04-01T04:46:02.826Z] Platform:      darwin
[debug] [2026-04-01T04:46:02.826Z] Node Version:  v24.14.1
[debug] [2026-04-01T04:46:02.827Z] Time:          Wed Apr 01 2026 00:46:02 GMT-0400 (Eastern Daylight Time)
[debug] [2026-04-01T04:46:02.827Z] ----------------------------------------------------------------------
[debug] 
[info] 
     ######## #### ########  ######## ########     ###     ######  ########
     ##        ##  ##     ## ##       ##     ##  ##   ##  ##       ##
     ######    ##  ########  ######   ########  #########  ######  ######
     ##        ##  ##    ##  ##       ##     ## ##     ##       ## ##
     ##       #### ##     ## ######## ########  ##     ##  ######  ########

You're about to initialize a Firebase project in this directory:

  /Users/lilmanfire/youtube-clone/yt-api-service

[info] 
=== Project Setup
[info] 
[info] First, let's associate this project directory with a Firebase project.
[info] You can create multiple project aliases by running firebase use --add, 
[info] 
[debug] [2026-04-01T04:46:07.428Z] > command requires scopes: ["email","openid","https://www.googleapis.com/auth/cloudplatformprojects.readonly","https://www.googleapis.com/auth/firebase","https://www.googleapis.com/auth/cloud-platform"]
[debug] [2026-04-01T04:46:07.428Z] > authorizing via signed-in user (mjk.celestine@gmail.com)
[debug] [2026-04-01T04:46:07.430Z] Checked if tokens are valid: true, expires at: 1775021214534
[debug] [2026-04-01T04:46:07.430Z] Checked if tokens are valid: true, expires at: 1775021214534
[debug] [2026-04-01T04:46:07.431Z] >>> [apiv2][query] GET https://firebase.googleapis.com/v1beta1/projects pageSize=100
[debug] [2026-04-01T04:46:07.760Z] <<< [apiv2][status] GET https://firebase.googleapis.com/v1beta1/projects 200
[debug] [2026-04-01T04:46:07.760Z] <<< [apiv2][body] GET https://firebase.googleapis.com/v1beta1/projects [omitted]
[info] 
=== Functions Setup
[debug] [2026-04-01T04:46:09.690Z] > command requires scopes: ["email","openid","https://www.googleapis.com/auth/cloudplatformprojects.readonly","https://www.googleapis.com/auth/firebase","https://www.googleapis.com/auth/cloud-platform"]
[debug] [2026-04-01T04:46:09.690Z] > authorizing via signed-in user (mjk.celestine@gmail.com)
[debug] [2026-04-01T04:46:09.690Z] [iam] checking project yt-clone-25193 for permissions ["firebase.projects.get"]
[debug] [2026-04-01T04:46:09.691Z] Checked if tokens are valid: true, expires at: 1775021214534
[debug] [2026-04-01T04:46:09.691Z] Checked if tokens are valid: true, expires at: 1775021214534
[debug] [2026-04-01T04:46:09.691Z] >>> [apiv2][query] POST https://cloudresourcemanager.googleapis.com/v1/projects/yt-clone-25193:testIamPermissions [none]
[debug] [2026-04-01T04:46:09.691Z] >>> [apiv2][(partial)header] POST https://cloudresourcemanager.googleapis.com/v1/projects/yt-clone-25193:testIamPermissions  x-goog-user-project=yt-clone-25193
[debug] [2026-04-01T04:46:09.691Z] >>> [apiv2][body] POST https://cloudresourcemanager.googleapis.com/v1/projects/yt-clone-25193:testIamPermissions {"permissions":["firebase.projects.get"]}
[debug] [2026-04-01T04:46:09.820Z] <<< [apiv2][status] POST https://cloudresourcemanager.googleapis.com/v1/projects/yt-clone-25193:testIamPermissions 200
[debug] [2026-04-01T04:46:09.820Z] <<< [apiv2][body] POST https://cloudresourcemanager.googleapis.com/v1/projects/yt-clone-25193:testIamPermissions {"permissions":["firebase.projects.get"]}
[debug] [2026-04-01T04:46:09.822Z] Checked if tokens are valid: true, expires at: 1775021214534
[debug] [2026-04-01T04:46:09.822Z] Checked if tokens are valid: true, expires at: 1775021214534
[debug] [2026-04-01T04:46:09.823Z] Checked if tokens are valid: true, expires at: 1775021214534
[debug] [2026-04-01T04:46:09.823Z] Checked if tokens are valid: true, expires at: 1775021214534
[debug] [2026-04-01T04:46:09.824Z] >>> [apiv2][query] GET https://serviceusage.googleapis.com/v1/projects/yt-clone-25193/services/cloudfunctions.googleapis.com [none]
[debug] [2026-04-01T04:46:09.824Z] >>> [apiv2][(partial)header] GET https://serviceusage.googleapis.com/v1/projects/yt-clone-25193/services/cloudfunctions.googleapis.com  x-goog-user-project=yt-clone-25193
[debug] [2026-04-01T04:46:09.825Z] >>> [apiv2][query] GET https://serviceusage.googleapis.com/v1/projects/yt-clone-25193/services/runtimeconfig.googleapis.com [none]
[debug] [2026-04-01T04:46:09.826Z] >>> [apiv2][(partial)header] GET https://serviceusage.googleapis.com/v1/projects/yt-clone-25193/services/runtimeconfig.googleapis.com  x-goog-user-project=yt-clone-25193
[debug] [2026-04-01T04:46:10.141Z] <<< [apiv2][status] GET https://serviceusage.googleapis.com/v1/projects/yt-clone-25193/services/cloudfunctions.googleapis.com 200
[debug] [2026-04-01T04:46:10.141Z] <<< [apiv2][body] GET https://serviceusage.googleapis.com/v1/projects/yt-clone-25193/services/cloudfunctions.googleapis.com [omitted]
[debug] [2026-04-01T04:46:10.142Z] Checked if tokens are valid: true, expires at: 1775021214534
[debug] [2026-04-01T04:46:10.142Z] Checked if tokens are valid: true, expires at: 1775021214534
[debug] [2026-04-01T04:46:10.143Z] >>> [apiv2][query] POST https://serviceusage.googleapis.com/v1/projects/yt-clone-25193/services/cloudfunctions.googleapis.com:enable [none]
[debug] [2026-04-01T04:46:10.143Z] >>> [apiv2][(partial)header] POST https://serviceusage.googleapis.com/v1/projects/yt-clone-25193/services/cloudfunctions.googleapis.com:enable  x-goog-user-project=yt-clone-25193
[debug] [2026-04-01T04:46:10.167Z] <<< [apiv2][status] GET https://serviceusage.googleapis.com/v1/projects/yt-clone-25193/services/runtimeconfig.googleapis.com 200
[debug] [2026-04-01T04:46:10.167Z] <<< [apiv2][body] GET https://serviceusage.googleapis.com/v1/projects/yt-clone-25193/services/runtimeconfig.googleapis.com [omitted]
[debug] [2026-04-01T04:46:10.869Z] <<< [apiv2][status] POST https://serviceusage.googleapis.com/v1/projects/yt-clone-25193/services/cloudfunctions.googleapis.com:enable 200
[debug] [2026-04-01T04:46:10.869Z] <<< [apiv2][body] POST https://serviceusage.googleapis.com/v1/projects/yt-clone-25193/services/cloudfunctions.googleapis.com:enable [omitted]
[info] Let's create a new codebase for your functions.
[info] A directory corresponding to the codebase will be created in your project
[info] with sample code pre-configured.

[info] See https://firebase.google.com/docs/functions/organize-functions for
[info] more information on organizing your functions using codebases.

[info] Functions can be deployed with firebase deploy.

[info] ✔  Wrote functions/.eslintrc.js 
[info] ✔  Wrote functions/tsconfig.dev.json 
[info] ✔  Wrote functions/package.json 
[info] ✔  Wrote functions/tsconfig.json 
[info] ✔  Wrote functions/src/index.ts 
[info] ✔  Wrote functions/.gitignore 
[info] 
=== Agent Skills Setup
[info] If you are using an AI coding agent, Firebase Agent Skills make it an expert at Firebase.
